// Jest Snapshot v1, https://goo.gl/fbAQLP

exports[`test for Home component renders correctly 1`] = `
<section
  className="countries"
>
  <div
    className="base-container flex"
  />
  <div
    className="form-sect"
  >
    <div
      className="form-container flex"
    >
      <p
        className="fw"
      >
        STATS BY COUNTRY
      </p>
      <form
        action="#"
        className="flex"
      >
        <input
          onChange={[Function]}
          placeholder="search by country name..."
          type="text"
        />
      </form>
    </div>
  </div>
  <ul
    className="country-list"
  >
    <div
      className="not-found flex"
    >
      <div
        className="error-box flex"
      >
        <svg
          fill="currentColor"
          height="1em"
          stroke="currentColor"
          strokeWidth="0"
          style={
            Object {
              "color": undefined,
              "height": "40px",
              "width": "40px",
            }
          }
          viewBox="0 0 576 512"
          width="1em"
          xmlns="http://www.w3.org/2000/svg"
        >
          <path
            d="M569.517 440.013C587.975 472.007 564.806 512 527.94 512H48.054c-36.937 0-59.999-40.055-41.577-71.987L246.423 23.985c18.467-32.009 64.72-31.951 83.154 0l239.94 416.028zM288 354c-25.405 0-46 20.595-46 46s20.595 46 46 46 46-20.595 46-46-20.595-46-46-46zm-43.673-165.346l7.418 136c.347 6.364 5.609 11.346 11.982 11.346h48.546c6.373 0 11.635-4.982 11.982-11.346l7.418-136c.375-6.874-5.098-12.654-11.982-12.654h-63.383c-6.884 0-12.356 5.78-11.981 12.654z"
          />
        </svg>
        <p>
          No Country Found!
        </p>
      </div>
    </div>
  </ul>
</section>
`;
