// Jest Snapshot v1, https://goo.gl/fbAQLP

exports[`test for BaseCountry component should render correctly 1`] = `
<div
  className="base-container flex"
/>
`;
